  Determining projects to restore...
  All projects are up-to-date for restore.
  WebTemplate.Core -> C:\Users\avist\source\repos\GitHubLocal\Customers\WebTemplate\Backend\WebTemplate.Core\bin\Debug\net9.0\WebTemplate.Core.dll
  WebTemplate.Data -> C:\Users\avist\source\repos\GitHubLocal\Customers\WebTemplate\Backend\WebTemplate.Data\bin\Debug\net9.0\WebTemplate.Data.dll
  WebTemplate.API -> C:\Users\avist\source\repos\GitHubLocal\Customers\WebTemplate\Backend\WebTemplate.API\bin\Debug\net9.0\WebTemplate.API.dll
  WebTemplate.ApiTests -> C:\Users\avist\source\repos\GitHubLocal\Customers\WebTemplate\Backend\WebTemplate.ApiTests\bin\Debug\net9.0\WebTemplate.ApiTests.dll
Test run for C:\Users\avist\source\repos\GitHubLocal\Customers\WebTemplate\Backend\WebTemplate.ApiTests\bin\Debug\net9.0\WebTemplate.ApiTests.dll (.NETCoreApp,Version=v9.0)
VSTest version 18.0.1 (x64)

Starting test execution, please wait...
A total of 1 test files matched the specified pattern.
The active test run was aborted. Reason: Test host process crashed

Test Run Aborted.
